// Jest Snapshot v1, https://goo.gl/fbAQLP

exports[`Main renders without crashing 1`] = `
<View
  style={
    Object {
      "backgroundColor": "#FFF",
      "flex": 1,
      "justifyContent": "flex-start",
      "padding": 24,
    }
  }
>
  <Text
    style={
      Object {
        "color": "#1745D5",
        "fontSize": 23,
        "fontWeight": "600",
        "marginBottom": 8,
        "marginTop": 16,
        "textAlign": "left",
      }
    }
  >
    Main
  </Text>
</View>
`;
